C51 COMPILER V9.60.0.0   ADC                                                               07/29/2026 10:04:24 PAGE 1   


C51 COMPILER V9.60.0.0, COMPILATION OF MODULE ADC
OBJECT MODULE PLACED IN .\Objects\adc.obj
COMPILER INVOKED BY: C:\Keil_v5\C51\BIN\C51.EXE adc.c OPTIMIZE(8,SPEED) BROWSE DEBUG OBJECTEXTEND PRINT(.\Listings\adc.l
                    -st) TABS(2) OBJECT(.\Objects\adc.obj)

line level    source

   1          #include <REGX51.H>
   2          #include "adc.h"
   3          
   4          sbit ALE=P3^0;
   5          sbit START=P3^1;
   6          sbit EOC=P3^2;
   7          sbit OE=P3^3;
   8          
   9          void ADC_Init(void)
  10          {
  11   1          P1=0xFF;
  12   1      }
  13          
  14          unsigned char ADC_Read(void)
  15          {
  16   1          ALE=1;
  17   1          START=1;
  18   1          ALE=0;
  19   1          START=0;
  20   1      
  21   1          while(EOC==0);
  22   1      
  23   1          OE=1;
  24   1          return P1;
  25   1      }


MODULE INFORMATION:   STATIC OVERLAYABLE
   CODE SIZE        =     20    ----
   CONSTANT SIZE    =   ----    ----
   XDATA SIZE       =   ----    ----
   PDATA SIZE       =   ----    ----
   DATA SIZE        =   ----    ----
   IDATA SIZE       =   ----    ----
   BIT SIZE         =   ----    ----
END OF MODULE INFORMATION.


C51 COMPILATION COMPLETE.  0 WARNING(S),  0 ERROR(S)
