C51 COMPILER V9.60.0.0   FAN                                                               07/29/2026 10:52:11 PAGE 1   


C51 COMPILER V9.60.0.0, COMPILATION OF MODULE FAN
OBJECT MODULE PLACED IN .\Objects\fan.obj
COMPILER INVOKED BY: C:\Keil_v5\C51\BIN\C51.EXE fan.c OPTIMIZE(8,SPEED) BROWSE DEBUG OBJECTEXTEND PRINT(.\Listings\fan.l
                    -st) TABS(2) OBJECT(.\Objects\fan.obj)

line level    source

   1          #include <REGX51.H>
   2          #include "fan.h"
   3          
   4          sbit FAN=P2^0;
   5          
   6          void Fan_Init(void)
   7          {
   8   1          FAN=0;
   9   1      }
  10          
  11          void Fan_ON(void)
  12          {
  13   1          FAN=1;
  14   1      }
  15          
  16          void Fan_OFF(void)
  17          {
  18   1          FAN=0;
  19   1      }


MODULE INFORMATION:   STATIC OVERLAYABLE
   CODE SIZE        =      9    ----
   CONSTANT SIZE    =   ----    ----
   XDATA SIZE       =   ----    ----
   PDATA SIZE       =   ----    ----
   DATA SIZE        =   ----    ----
   IDATA SIZE       =   ----    ----
   BIT SIZE         =   ----    ----
END OF MODULE INFORMATION.


C51 COMPILATION COMPLETE.  0 WARNING(S),  0 ERROR(S)
