C51 COMPILER V9.60.0.0   MAIN                                                              07/29/2026 11:17:53 PAGE 1   


C51 COMPILER V9.60.0.0, COMPILATION OF MODULE MAIN
OBJECT MODULE PLACED IN .\Objects\MAIN.obj
COMPILER INVOKED BY: C:\Keil_v5\C51\BIN\C51.EXE MAIN.C OPTIMIZE(8,SPEED) BROWSE DEBUG OBJECTEXTEND PRINT(.\Listings\MAIN
                    -.lst) TABS(2) OBJECT(.\Objects\MAIN.obj)

line level    source

   1          #include <REGX51.H>
   2          
   3          sbit LED = P2^0;
   4          
   5          void delay()
   6          {
   7   1          unsigned int i,j;
   8   1          for(i=0;i<300;i++)
   9   1              for(j=0;j<1275;j++);
  10   1      }
  11          
  12          void main()
  13          {
  14   1          P2 = 0x00;          // Initialize Port 2
  15   1      
  16   1          while(1)
  17   1          {
  18   2              // Register Manipulation
  19   2              P2 = 0x00;
  20   2              delay();
  21   2      
  22   2              // Bitwise OR - Set Bit 0
  23   2              P2 |= 0x01;
  24   2              delay();
  25   2      
  26   2              // Bitwise AND - Check Bit 0
  27   2              if(P2 & 0x01)
  28   2                  LED = 1;
  29   2              else
  30   2                  LED = 0;
  31   2              delay();
  32   2      
  33   2              // Bitwise XOR - Toggle Bit 0
  34   2              P2 ^= 0x01;
  35   2              delay();
  36   2      
  37   2              // Bitwise NOT - Invert all bits
  38   2              P2 = ~P2;
  39   2              delay();
  40   2      
  41   2              // Clear all bits
  42   2              P2 = 0x00;
  43   2              delay();
  44   2          }
  45   1      }


MODULE INFORMATION:   STATIC OVERLAYABLE
   CODE SIZE        =     78    ----
   CONSTANT SIZE    =   ----    ----
   XDATA SIZE       =   ----    ----
   PDATA SIZE       =   ----    ----
   DATA SIZE        =   ----    ----
   IDATA SIZE       =   ----    ----
C51 COMPILER V9.60.0.0   MAIN                                                              07/29/2026 11:17:53 PAGE 2   

   BIT SIZE         =   ----    ----
END OF MODULE INFORMATION.


C51 COMPILATION COMPLETE.  0 WARNING(S),  0 ERROR(S)
