BL51 BANKED LINKER/LOCATER V6.22.2.0                                                    07/29/2026  11:17:53  PAGE 1


BL51 BANKED LINKER/LOCATER V6.22.2.0, INVOKED BY:
C:\KEIL_V5\C51\BIN\BL51.EXE .\Objects\STARTUP.obj, .\Objects\MAIN.obj TO .\Objects\Q2 PRINT (.\Listings\Q2.m51)


MEMORY MODEL: SMALL


INPUT MODULES INCLUDED:
  .\Objects\STARTUP.obj (?C_STARTUP)
  .\Objects\MAIN.obj (MAIN)


LINK MAP OF MODULE:  .\Objects\Q2 (?C_STARTUP)


            TYPE    BASE      LENGTH    RELOCATION   SEGMENT NAME
            -----------------------------------------------------

            * * * * * * *   D A T A   M E M O R Y   * * * * * * *
            REG     0000H     0008H     ABSOLUTE     "REG BANK 0"
            IDATA   0008H     0001H     UNIT         ?STACK

            * * * * * * *   C O D E   M E M O R Y   * * * * * * *
            CODE    0000H     0003H     ABSOLUTE     
                    0003H     07FDH                  *** GAP ***
            CODE    0800H     0031H     UNIT         ?PR?MAIN?MAIN
            CODE    0831H     001DH     UNIT         ?PR?DELAY?MAIN
            CODE    084EH     000CH     UNIT         ?C_C51STARTUP



OVERLAY MAP OF MODULE:   .\Objects\Q2 (?C_STARTUP)


SEGMENT
  +--> CALLED SEGMENT
---------------------
?C_C51STARTUP
  +--> ?PR?MAIN?MAIN

?PR?MAIN?MAIN
  +--> ?PR?DELAY?MAIN



SYMBOL TABLE OF MODULE:  .\Objects\Q2 (?C_STARTUP)

  VALUE           TYPE          NAME
  ----------------------------------

  -------         MODULE        ?C_STARTUP
  C:084EH         SEGMENT       ?C_C51STARTUP
  I:0008H         SEGMENT       ?STACK
  C:0000H         PUBLIC        ?C_STARTUP
  D:00E0H         SYMBOL        ACC
  D:00F0H         SYMBOL        B
  D:0083H         SYMBOL        DPH
  D:0082H         SYMBOL        DPL
BL51 BANKED LINKER/LOCATER V6.22.2.0                                                  07/29/2026  11:17:53  PAGE 2


  N:0000H         SYMBOL        IBPSTACK
  N:0100H         SYMBOL        IBPSTACKTOP
  N:0080H         SYMBOL        IDATALEN
  C:0851H         SYMBOL        IDATALOOP
  N:0000H         SYMBOL        PBPSTACK
  N:0100H         SYMBOL        PBPSTACKTOP
  N:0000H         SYMBOL        PDATALEN
  N:0000H         SYMBOL        PDATASTART
  N:0000H         SYMBOL        PPAGE
  N:0000H         SYMBOL        PPAGEENABLE
  D:00A0H         SYMBOL        PPAGE_SFR
  D:0081H         SYMBOL        SP
  C:084EH         SYMBOL        STARTUP1
  N:0000H         SYMBOL        XBPSTACK
  N:0000H         SYMBOL        XBPSTACKTOP
  N:0000H         SYMBOL        XDATALEN
  N:0000H         SYMBOL        XDATASTART
  C:0000H         LINE#         126
  C:084EH         LINE#         133
  C:0850H         LINE#         134
  C:0851H         LINE#         135
  C:0852H         LINE#         136
  C:0854H         LINE#         185
  C:0857H         LINE#         196
  -------         ENDMOD        ?C_STARTUP

  -------         MODULE        MAIN
  C:0000H         SYMBOL        _ICE_DUMMY_
  D:00A0H         PUBLIC        P2
  C:0831H         PUBLIC        delay
  C:0800H         PUBLIC        main
  B:00A0H.0       PUBLIC        LED
  -------         PROC          DELAY
  -------         DO            
  D:0006H         SYMBOL        i
  D:0004H         SYMBOL        j
  -------         ENDDO         
  C:0831H         LINE#         5
  C:0831H         LINE#         6
  C:0831H         LINE#         8
  C:0834H         LINE#         9
  C:084DH         LINE#         10
  -------         ENDPROC       DELAY
  -------         PROC          MAIN
  C:0800H         LINE#         12
  C:0800H         LINE#         13
  C:0800H         LINE#         14
  C:0803H         LINE#         16
  C:0803H         LINE#         17
  C:0803H         LINE#         19
  C:0806H         LINE#         20
  C:0809H         LINE#         23
  C:080CH         LINE#         24
  C:080FH         LINE#         27
  C:0814H         LINE#         28
  C:0818H         LINE#         30
  C:081AH         LINE#         31
BL51 BANKED LINKER/LOCATER V6.22.2.0                                                  07/29/2026  11:17:53  PAGE 3


  C:081DH         LINE#         34
  C:0820H         LINE#         35
  C:0823H         LINE#         38
  C:0826H         LINE#         39
  C:0829H         LINE#         42
  C:082CH         LINE#         43
  C:082FH         LINE#         44
  -------         ENDPROC       MAIN
  -------         ENDMOD        MAIN

******************************************************************************
* RESTRICTED VERSION WITH 0800H BYTE CODE SIZE LIMIT; USED: 005DH BYTE ( 4%) *
******************************************************************************

Program Size: data=9.0 xdata=0 code=93
LINK/LOCATE RUN COMPLETE.  0 WARNING(S),  0 ERROR(S)
